src/app/admin/appointments/page.tsx(20,18): error TS2304: Cannot find name 'Table'.
src/app/admin/appointments/page.tsx(21,22): error TS2304: Cannot find name 'TableHeader'.
src/app/admin/appointments/page.tsx(22,26): error TS2304: Cannot find name 'TableRow'.
src/app/admin/appointments/page.tsx(23,30): error TS2304: Cannot find name 'TableHead'.
src/app/admin/appointments/page.tsx(23,46): error TS2304: Cannot find name 'TableHead'.
src/app/admin/appointments/page.tsx(24,30): error TS2304: Cannot find name 'TableHead'.
src/app/admin/appointments/page.tsx(24,49): error TS2304: Cannot find name 'TableHead'.
src/app/admin/appointments/page.tsx(25,30): error TS2304: Cannot find name 'TableHead'.
src/app/admin/appointments/page.tsx(25,49): error TS2304: Cannot find name 'TableHead'.
src/app/admin/appointments/page.tsx(26,30): error TS2304: Cannot find name 'TableHead'.
src/app/admin/appointments/page.tsx(26,49): error TS2304: Cannot find name 'TableHead'.
src/app/admin/appointments/page.tsx(27,30): error TS2304: Cannot find name 'TableHead'.
src/app/admin/appointments/page.tsx(27,48): error TS2304: Cannot find name 'TableHead'.
src/app/admin/appointments/page.tsx(28,30): error TS2304: Cannot find name 'TableHead'.
src/app/admin/appointments/page.tsx(28,72): error TS2304: Cannot find name 'TableHead'.
src/app/admin/appointments/page.tsx(29,27): error TS2304: Cannot find name 'TableRow'.
src/app/admin/appointments/page.tsx(30,23): error TS2304: Cannot find name 'TableHeader'.
src/app/admin/appointments/page.tsx(31,22): error TS2304: Cannot find name 'TableBody'.
src/app/admin/appointments/page.tsx(33,30): error TS2304: Cannot find name 'TableRow'.
src/app/admin/appointments/page.tsx(34,34): error TS2304: Cannot find name 'TableCell'.
src/app/admin/appointments/page.tsx(36,35): error TS2304: Cannot find name 'TableCell'.
src/app/admin/appointments/page.tsx(37,31): error TS2304: Cannot find name 'TableRow'.
src/app/admin/appointments/page.tsx(40,34): error TS2304: Cannot find name 'TableRow'.
src/app/admin/appointments/page.tsx(41,38): error TS2304: Cannot find name 'TableCell'.
src/app/admin/appointments/page.tsx(43,39): error TS2304: Cannot find name 'TableCell'.
src/app/admin/appointments/page.tsx(44,38): error TS2304: Cannot find name 'TableCell'.
src/app/admin/appointments/page.tsx(44,96): error TS2304: Cannot find name 'TableCell'.
src/app/admin/appointments/page.tsx(45,38): error TS2304: Cannot find name 'TableCell'.
src/app/admin/appointments/page.tsx(48,39): error TS2304: Cannot find name 'TableCell'.
src/app/admin/appointments/page.tsx(49,38): error TS2304: Cannot find name 'TableCell'.
src/app/admin/appointments/page.tsx(49,61): error TS2551: Property 'service' does not exist on type '{ email: string; id: string; createdAt: Date; updatedAt: Date; fullName: string; phone: string | null; serviceId: string | null; doctorId: string | null; preferredDate: Date; status: AppointmentStatus; notes: string | null; }'. Did you mean 'serviceId'?
src/app/admin/appointments/page.tsx(49,84): error TS2304: Cannot find name 'TableCell'.
src/app/admin/appointments/page.tsx(50,38): error TS2304: Cannot find name 'TableCell'.
src/app/admin/appointments/page.tsx(51,42): error TS2304: Cannot find name 'Badge'.
src/app/admin/appointments/page.tsx(61,43): error TS2304: Cannot find name 'Badge'.
src/app/admin/appointments/page.tsx(62,39): error TS2304: Cannot find name 'TableCell'.
src/app/admin/appointments/page.tsx(63,38): error TS2304: Cannot find name 'TableCell'.
src/app/admin/appointments/page.tsx(69,63): error TS2304: Cannot find name 'updateAppointmentStatus'.
src/app/admin/appointments/page.tsx(71,58): error TS2304: Cannot find name 'Button'.
src/app/admin/appointments/page.tsx(72,62): error TS2304: Cannot find name 'CheckCircle'.
src/app/admin/appointments/page.tsx(73,59): error TS2304: Cannot find name 'Button'.
src/app/admin/appointments/page.tsx(77,63): error TS2304: Cannot find name 'updateAppointmentStatus'.
src/app/admin/appointments/page.tsx(79,58): error TS2304: Cannot find name 'Button'.
src/app/admin/appointments/page.tsx(80,62): error TS2304: Cannot find name 'XCircle'.
src/app/admin/appointments/page.tsx(81,59): error TS2304: Cannot find name 'Button'.
src/app/admin/appointments/page.tsx(87,55): error TS2304: Cannot find name 'deleteAppointment'.
src/app/admin/appointments/page.tsx(89,50): error TS2304: Cannot find name 'Button'.
src/app/admin/appointments/page.tsx(90,54): error TS2304: Cannot find name 'Trash2'.
src/app/admin/appointments/page.tsx(91,51): error TS2304: Cannot find name 'Button'.
src/app/admin/appointments/page.tsx(94,39): error TS2304: Cannot find name 'TableCell'.
src/app/admin/appointments/page.tsx(95,35): error TS2304: Cannot find name 'TableRow'.
src/app/admin/appointments/page.tsx(98,23): error TS2304: Cannot find name 'TableBody'.
src/app/admin/appointments/page.tsx(99,19): error TS2304: Cannot find name 'Table'.
src/app/admin/doctors/[id]/page.tsx(19,9): error TS2304: Cannot find name 'notFound'.
src/app/admin/doctors/[id]/page.tsx(25,18): error TS2304: Cannot find name 'Button'.
src/app/admin/doctors/[id]/page.tsx(26,22): error TS2304: Cannot find name 'Link'.
src/app/admin/doctors/[id]/page.tsx(27,26): error TS2304: Cannot find name 'ArrowLeft'.
src/app/admin/doctors/[id]/page.tsx(28,23): error TS2304: Cannot find name 'Link'.
src/app/admin/doctors/[id]/page.tsx(29,19): error TS2304: Cannot find name 'Button'.
src/app/admin/doctors/[id]/page.tsx(33,14): error TS2304: Cannot find name 'DoctorForm'.
src/app/admin/doctors/new/page.tsx(13,18): error TS2304: Cannot find name 'Button'.
src/app/admin/doctors/new/page.tsx(14,22): error TS2304: Cannot find name 'Link'.
src/app/admin/doctors/new/page.tsx(15,26): error TS2304: Cannot find name 'ArrowLeft'.
src/app/admin/doctors/new/page.tsx(16,23): error TS2304: Cannot find name 'Link'.
src/app/admin/doctors/new/page.tsx(17,19): error TS2304: Cannot find name 'Button'.
src/app/admin/doctors/new/page.tsx(21,14): error TS2304: Cannot find name 'DoctorForm'.
src/app/admin/doctors/page.tsx(24,18): error TS2304: Cannot find name 'Button'.
src/app/admin/doctors/page.tsx(25,22): error TS2304: Cannot find name 'Link'.
src/app/admin/doctors/page.tsx(26,26): error TS2304: Cannot find name 'Plus'.
src/app/admin/doctors/page.tsx(27,23): error TS2304: Cannot find name 'Link'.
src/app/admin/doctors/page.tsx(28,19): error TS2304: Cannot find name 'Button'.
src/app/admin/doctors/page.tsx(32,18): error TS2304: Cannot find name 'Table'.
src/app/admin/doctors/page.tsx(33,22): error TS2304: Cannot find name 'TableHeader'.
src/app/admin/doctors/page.tsx(34,26): error TS2304: Cannot find name 'TableRow'.
src/app/admin/doctors/page.tsx(35,30): error TS2304: Cannot find name 'TableHead'.
src/app/admin/doctors/page.tsx(35,48): error TS2304: Cannot find name 'TableHead'.
src/app/admin/doctors/page.tsx(36,30): error TS2304: Cannot find name 'TableHead'.
src/app/admin/doctors/page.tsx(36,51): error TS2304: Cannot find name 'TableHead'.
src/app/admin/doctors/page.tsx(37,30): error TS2304: Cannot find name 'TableHead'.
src/app/admin/doctors/page.tsx(37,52): error TS2304: Cannot find name 'TableHead'.
src/app/admin/doctors/page.tsx(38,30): error TS2304: Cannot find name 'TableHead'.
src/app/admin/doctors/page.tsx(38,48): error TS2304: Cannot find name 'TableHead'.
src/app/admin/doctors/page.tsx(39,30): error TS2304: Cannot find name 'TableHead'.
src/app/admin/doctors/page.tsx(39,72): error TS2304: Cannot find name 'TableHead'.
src/app/admin/doctors/page.tsx(40,27): error TS2304: Cannot find name 'TableRow'.
src/app/admin/doctors/page.tsx(41,23): error TS2304: Cannot find name 'TableHeader'.
src/app/admin/doctors/page.tsx(42,22): error TS2304: Cannot find name 'TableBody'.
src/app/admin/doctors/page.tsx(44,30): error TS2304: Cannot find name 'TableRow'.
src/app/admin/doctors/page.tsx(45,34): error TS2304: Cannot find name 'TableCell'.
src/app/admin/doctors/page.tsx(47,42): error TS2304: Cannot find name 'Avatar'.
src/app/admin/doctors/page.tsx(48,46): error TS2304: Cannot find name 'AvatarImage'.
src/app/admin/doctors/page.tsx(49,46): error TS2304: Cannot find name 'AvatarFallback'.
src/app/admin/doctors/page.tsx(49,90): error TS2304: Cannot find name 'AvatarFallback'.
src/app/admin/doctors/page.tsx(50,43): error TS2304: Cannot find name 'Avatar'.
src/app/admin/doctors/page.tsx(56,35): error TS2304: Cannot find name 'TableCell'.
src/app/admin/doctors/page.tsx(57,34): error TS2304: Cannot find name 'TableCell'.
src/app/admin/doctors/page.tsx(57,69): error TS2304: Cannot find name 'TableCell'.
src/app/admin/doctors/page.tsx(58,34): error TS2304: Cannot find name 'TableCell'.
src/app/admin/doctors/page.tsx(58,71): error TS2304: Cannot find name 'TableCell'.
src/app/admin/doctors/page.tsx(59,34): error TS2304: Cannot find name 'TableCell'.
src/app/admin/doctors/page.tsx(60,38): error TS2304: Cannot find name 'Badge'.
src/app/admin/doctors/page.tsx(62,39): error TS2304: Cannot find name 'Badge'.
src/app/admin/doctors/page.tsx(63,35): error TS2304: Cannot find name 'TableCell'.
src/app/admin/doctors/page.tsx(64,34): error TS2304: Cannot find name 'TableCell'.
src/app/admin/doctors/page.tsx(65,38): error TS2304: Cannot find name 'Button'.
src/app/admin/doctors/page.tsx(66,42): error TS2304: Cannot find name 'Link'.
src/app/admin/doctors/page.tsx(66,90): error TS2304: Cannot find name 'Link'.
src/app/admin/doctors/page.tsx(67,39): error TS2304: Cannot find name 'Button'.
src/app/admin/doctors/page.tsx(68,35): error TS2304: Cannot find name 'TableCell'.
src/app/admin/doctors/page.tsx(69,31): error TS2304: Cannot find name 'TableRow'.
src/app/admin/doctors/page.tsx(71,23): error TS2304: Cannot find name 'TableBody'.
src/app/admin/doctors/page.tsx(72,19): error TS2304: Cannot find name 'Table'.
src/app/admin/messages/page.tsx(22,18): error TS2304: Cannot find name 'Table'.
src/app/admin/messages/page.tsx(23,22): error TS2304: Cannot find name 'TableHeader'.
src/app/admin/messages/page.tsx(24,26): error TS2304: Cannot find name 'TableRow'.
src/app/admin/messages/page.tsx(25,30): error TS2304: Cannot find name 'TableHead'.
src/app/admin/messages/page.tsx(25,46): error TS2304: Cannot find name 'TableHead'.
src/app/admin/messages/page.tsx(26,30): error TS2304: Cannot find name 'TableHead'.
src/app/admin/messages/page.tsx(26,46): error TS2304: Cannot find name 'TableHead'.
src/app/admin/messages/page.tsx(27,30): error TS2304: Cannot find name 'TableHead'.
src/app/admin/messages/page.tsx(27,47): error TS2304: Cannot find name 'TableHead'.
src/app/admin/messages/page.tsx(28,30): error TS2304: Cannot find name 'TableHead'.
src/app/admin/messages/page.tsx(28,69): error TS2304: Cannot find name 'TableHead'.
src/app/admin/messages/page.tsx(29,27): error TS2304: Cannot find name 'TableRow'.
src/app/admin/messages/page.tsx(30,23): error TS2304: Cannot find name 'TableHeader'.
src/app/admin/messages/page.tsx(31,22): error TS2304: Cannot find name 'TableBody'.
src/app/admin/messages/page.tsx(33,30): error TS2304: Cannot find name 'TableRow'.
src/app/admin/messages/page.tsx(34,34): error TS2304: Cannot find name 'TableCell'.
src/app/admin/messages/page.tsx(36,35): error TS2304: Cannot find name 'TableCell'.
src/app/admin/messages/page.tsx(37,31): error TS2304: Cannot find name 'TableRow'.
src/app/admin/messages/page.tsx(40,34): error TS2304: Cannot find name 'TableRow'.
src/app/admin/messages/page.tsx(41,38): error TS2304: Cannot find name 'TableCell'.
src/app/admin/messages/page.tsx(42,42): error TS2304: Cannot find name 'format'.
src/app/admin/messages/page.tsx(43,39): error TS2304: Cannot find name 'TableCell'.
src/app/admin/messages/page.tsx(44,38): error TS2304: Cannot find name 'TableCell'.
src/app/admin/messages/page.tsx(44,84): error TS2304: Cannot find name 'TableCell'.
src/app/admin/messages/page.tsx(45,38): error TS2304: Cannot find name 'TableCell'.
src/app/admin/messages/page.tsx(45,61): error TS2304: Cannot find name 'TableCell'.
src/app/admin/messages/page.tsx(46,38): error TS2304: Cannot find name 'TableCell'.
src/app/admin/messages/page.tsx(46,63): error TS2304: Cannot find name 'TableCell'.
src/app/admin/messages/page.tsx(47,35): error TS2304: Cannot find name 'TableRow'.
src/app/admin/messages/page.tsx(50,23): error TS2304: Cannot find name 'TableBody'.
src/app/admin/messages/page.tsx(51,19): error TS2304: Cannot find name 'Table'.
src/app/admin/specialties/page.tsx(22,22): error TS2304: Cannot find name 'Table'.
src/app/admin/specialties/page.tsx(23,26): error TS2304: Cannot find name 'TableHeader'.
src/app/admin/specialties/page.tsx(24,30): error TS2304: Cannot find name 'TableRow'.
src/app/admin/specialties/page.tsx(25,34): error TS2304: Cannot find name 'TableHead'.
src/app/admin/specialties/page.tsx(25,50): error TS2304: Cannot find name 'TableHead'.
src/app/admin/specialties/page.tsx(26,34): error TS2304: Cannot find name 'TableHead'.
src/app/admin/specialties/page.tsx(26,53): error TS2304: Cannot find name 'TableHead'.
src/app/admin/specialties/page.tsx(27,34): error TS2304: Cannot find name 'TableHead'.
src/app/admin/specialties/page.tsx(27,76): error TS2304: Cannot find name 'TableHead'.
src/app/admin/specialties/page.tsx(28,31): error TS2304: Cannot find name 'TableRow'.
src/app/admin/specialties/page.tsx(29,27): error TS2304: Cannot find name 'TableHeader'.
src/app/admin/specialties/page.tsx(30,26): error TS2304: Cannot find name 'TableBody'.
src/app/admin/specialties/page.tsx(32,34): error TS2304: Cannot find name 'TableRow'.
src/app/admin/specialties/page.tsx(33,38): error TS2304: Cannot find name 'TableCell'.
src/app/admin/specialties/page.tsx(35,39): error TS2304: Cannot find name 'TableCell'.
src/app/admin/specialties/page.tsx(36,35): error TS2304: Cannot find name 'TableRow'.
src/app/admin/specialties/page.tsx(39,38): error TS2304: Cannot find name 'TableRow'.
src/app/admin/specialties/page.tsx(40,42): error TS2304: Cannot find name 'TableCell'.
src/app/admin/specialties/page.tsx(40,94): error TS2304: Cannot find name 'TableCell'.
src/app/admin/specialties/page.tsx(41,42): error TS2304: Cannot find name 'TableCell'.
src/app/admin/specialties/page.tsx(41,88): error TS2304: Cannot find name 'TableCell'.
src/app/admin/specialties/page.tsx(42,42): error TS2304: Cannot find name 'TableCell'.
src/app/admin/specialties/page.tsx(45,55): error TS2304: Cannot find name 'deleteSpecialty'.
src/app/admin/specialties/page.tsx(47,50): error TS2304: Cannot find name 'Button'.
src/app/admin/specialties/page.tsx(48,54): error TS2304: Cannot find name 'Trash2'.
src/app/admin/specialties/page.tsx(49,51): error TS2304: Cannot find name 'Button'.
src/app/admin/specialties/page.tsx(51,43): error TS2304: Cannot find name 'TableCell'.
src/app/admin/specialties/page.tsx(52,39): error TS2304: Cannot find name 'TableRow'.
src/app/admin/specialties/page.tsx(55,27): error TS2304: Cannot find name 'TableBody'.
src/app/admin/specialties/page.tsx(56,23): error TS2304: Cannot find name 'Table'.
src/app/admin/specialties/page.tsx(64,35): error TS2304: Cannot find name 'createSpecialty'.
src/app/admin/specialties/page.tsx(67,34): error TS2304: Cannot find name 'Input'.
src/app/admin/specialties/page.tsx(69,30): error TS2304: Cannot find name 'Button'.
src/app/admin/specialties/page.tsx(71,31): error TS2304: Cannot find name 'Button'.
